2026-01-20 11:19:40,604 - INFO - API Configuration:
2026-01-20 11:19:40,605 - INFO -   Host: http://localhost
2026-01-20 11:19:40,605 - INFO -   Username: ***REDACTED***
2026-01-20 11:19:40,605 - INFO -   Password: ***SET***
2026-01-20 11:19:40,784 - INFO - Authenticated successfully
2026-01-20 11:19:40,786 - INFO - Reading settlement IDs from column: id
2026-01-20 11:19:40,786 - INFO - Read 66 unique settlement IDs from CSV
2026-01-20 11:19:40,786 - INFO - 
Starting deletion of 66 settlements...
2026-01-20 11:19:40,786 - INFO - ============================================================
2026-01-20 11:19:40,786 - INFO - 
[1/66] Processing settlement 719...
2026-01-20 11:19:40,787 - INFO - 
============================================================
2026-01-20 11:19:40,787 - INFO - Processing settlement ID: 719
2026-01-20 11:19:40,787 - INFO - ============================================================
2026-01-20 11:19:41,244 - ERROR - Delete failed for 719 (status 500): {"message":"Cannot delete 'settlement' record, it has 73 dependent document(s)","code":"DEPENDENCY_FOUND"}
2026-01-20 11:19:41,245 - INFO - 
[2/66] Processing settlement 703...
2026-01-20 11:19:41,245 - INFO - 
============================================================
2026-01-20 11:19:41,245 - INFO - Processing settlement ID: 703
2026-01-20 11:19:41,245 - INFO - ============================================================
2026-01-20 11:19:41,404 - ERROR - Delete failed for 703 (status 500): {"message":"Cannot delete 'settlement' record, it has 1 dependent project_location(s)","code":"DEPENDENCY_FOUND"}
2026-01-20 11:19:41,404 - INFO - 
[3/66] Processing settlement 670...
2026-01-20 11:19:41,404 - INFO - 
============================================================
2026-01-20 11:19:41,404 - INFO - Processing settlement ID: 670
2026-01-20 11:19:41,404 - INFO - ============================================================
2026-01-20 11:19:41,526 - ERROR - Delete failed for 670 (status 404): {"message":"Record with id '670' does not exist in 'settlement' model","code":"RECORD_NOT_FOUND"}
2026-01-20 11:19:41,527 - INFO - 
[4/66] Processing settlement 568...
2026-01-20 11:19:41,527 - INFO - 
============================================================
2026-01-20 11:19:41,527 - INFO - Processing settlement ID: 568
2026-01-20 11:19:41,527 - INFO - ============================================================
2026-01-20 11:19:41,664 - ERROR - Delete failed for 568 (status 500): {"message":"Cannot delete 'settlement' record, it has 614 dependent document(s)","code":"DEPENDENCY_FOUND"}
2026-01-20 11:19:41,664 - INFO - 
[5/66] Processing settlement 482...
2026-01-20 11:19:41,664 - INFO - 
============================================================
2026-01-20 11:19:41,664 - INFO - Processing settlement ID: 482
2026-01-20 11:19:41,664 - INFO - ============================================================
2026-01-20 11:19:41,779 - WARNING - 

Process interrupted by user
