2026-01-20 11:21:21,163 - INFO - API Configuration:
2026-01-20 11:21:21,164 - INFO -   Host: http://localhost
2026-01-20 11:21:21,164 - INFO -   Username: ***REDACTED***
2026-01-20 11:21:21,164 - INFO -   Password: ***SET***
2026-01-20 11:21:21,356 - INFO - Authenticated successfully
2026-01-20 11:21:21,356 - INFO - Reading settlement IDs from column: id
2026-01-20 11:21:21,357 - INFO - Read 66 unique settlement IDs from CSV
2026-01-20 11:21:21,357 - INFO - 
Starting deletion of 66 settlements...
2026-01-20 11:21:21,357 - INFO - ============================================================
2026-01-20 11:21:21,357 - INFO - 
[1/66] Processing settlement 719...
2026-01-20 11:21:21,357 - INFO - 
============================================================
2026-01-20 11:21:21,357 - INFO - Processing settlement ID: 719
2026-01-20 11:21:21,357 - INFO - ============================================================
2026-01-20 11:21:21,565 - ERROR - Delete failed for 719 (status 500): {"message":"Cannot delete 'settlement' record, it has 73 dependent document(s)","code":"DEPENDENCY_FOUND"}
2026-01-20 11:21:21,566 - INFO - 
[2/66] Processing settlement 703...
2026-01-20 11:21:21,566 - INFO - 
============================================================
2026-01-20 11:21:21,566 - INFO - Processing settlement ID: 703
2026-01-20 11:21:21,566 - INFO - ============================================================
2026-01-20 11:21:21,742 - ERROR - Delete failed for 703 (status 500): {"message":"Cannot delete 'settlement' record, it has 1 dependent project_location(s)","code":"DEPENDENCY_FOUND"}
2026-01-20 11:21:21,742 - INFO - 
[3/66] Processing settlement 670...
2026-01-20 11:21:21,742 - INFO - 
============================================================
2026-01-20 11:21:21,742 - INFO - Processing settlement ID: 670
2026-01-20 11:21:21,743 - INFO - ============================================================
2026-01-20 11:21:21,882 - ERROR - Delete failed for 670 (status 404): {"message":"Record with id '670' does not exist in 'settlement' model","code":"RECORD_NOT_FOUND"}
2026-01-20 11:21:21,882 - INFO - 
[4/66] Processing settlement 568...
2026-01-20 11:21:21,882 - INFO - 
============================================================
2026-01-20 11:21:21,882 - INFO - Processing settlement ID: 568
2026-01-20 11:21:21,882 - INFO - ============================================================
2026-01-20 11:21:22,032 - ERROR - Delete failed for 568 (status 500): {"message":"Cannot delete 'settlement' record, it has 614 dependent document(s)","code":"DEPENDENCY_FOUND"}
2026-01-20 11:21:22,032 - INFO - 
[5/66] Processing settlement 482...
2026-01-20 11:21:22,033 - INFO - 
============================================================
2026-01-20 11:21:22,033 - INFO - Processing settlement ID: 482
2026-01-20 11:21:22,033 - INFO - ============================================================
2026-01-20 11:21:22,139 - ERROR - Delete failed for 482 (status 404): {"message":"Record with id '482' does not exist in 'settlement' model","code":"RECORD_NOT_FOUND"}
2026-01-20 11:21:22,139 - INFO - 
[6/66] Processing settlement 477...
2026-01-20 11:21:22,139 - INFO - 
============================================================
2026-01-20 11:21:22,139 - INFO - Processing settlement ID: 477
2026-01-20 11:21:22,140 - INFO - ============================================================
2026-01-20 11:21:22,246 - ERROR - Delete failed for 477 (status 404): {"message":"Record with id '477' does not exist in 'settlement' model","code":"RECORD_NOT_FOUND"}
2026-01-20 11:21:22,246 - INFO - 
[7/66] Processing settlement 475...
2026-01-20 11:21:22,246 - INFO - 
============================================================
2026-01-20 11:21:22,246 - INFO - Processing settlement ID: 475
2026-01-20 11:21:22,246 - INFO - ============================================================
2026-01-20 11:21:22,500 - ERROR - Delete failed for 475 (status 500): {"message":"Cannot delete 'settlement' record, it has 2 dependent households(s)","code":"DEPENDENCY_FOUND"}
2026-01-20 11:21:22,501 - INFO - 
[8/66] Processing settlement 474...
2026-01-20 11:21:22,501 - INFO - 
============================================================
2026-01-20 11:21:22,501 - INFO - Processing settlement ID: 474
2026-01-20 11:21:22,501 - INFO - ============================================================
2026-01-20 11:21:22,635 - ERROR - Delete failed for 474 (status 500): {"message":"Cannot delete 'settlement' record, it has 32 dependent households(s)","code":"DEPENDENCY_FOUND"}
2026-01-20 11:21:22,636 - INFO - 
[9/66] Processing settlement 473...
2026-01-20 11:21:22,636 - INFO - 
============================================================
2026-01-20 11:21:22,636 - INFO - Processing settlement ID: 473
2026-01-20 11:21:22,636 - INFO - ============================================================
2026-01-20 11:21:22,762 - ERROR - Delete failed for 473 (status 500): {"message":"Cannot delete 'settlement' record, it has 5 dependent households(s)","code":"DEPENDENCY_FOUND"}
2026-01-20 11:21:22,762 - INFO - 
[10/66] Processing settlement 472...
2026-01-20 11:21:22,763 - INFO - 
============================================================
2026-01-20 11:21:22,763 - INFO - Processing settlement ID: 472
2026-01-20 11:21:22,763 - INFO - ============================================================
2026-01-20 11:21:22,902 - WARNING - 

Process interrupted by user
