2026-01-20 11:21:54,294 - INFO - API Configuration:
2026-01-20 11:21:54,295 - INFO -   Host: http://localhost
2026-01-20 11:21:54,295 - INFO -   Username: ***REDACTED***
2026-01-20 11:21:54,295 - INFO -   Password: ***SET***
2026-01-20 11:21:54,327 - INFO - Authenticated successfully
2026-01-20 11:21:54,328 - INFO - Reading settlement IDs from column: id
2026-01-20 11:21:54,328 - INFO - Read 66 unique settlement IDs from CSV
2026-01-20 11:21:54,328 - INFO - 
Starting deletion of 66 settlements...
2026-01-20 11:21:54,329 - INFO - ============================================================
2026-01-20 11:21:54,329 - INFO - 
[1/66] Processing settlement 719...
2026-01-20 11:21:54,329 - INFO - 
============================================================
2026-01-20 11:21:54,329 - INFO - Processing settlement ID: 719
2026-01-20 11:21:54,329 - INFO - ============================================================
2026-01-20 11:21:54,469 - ERROR - Delete failed for 719 (status 500): {"message":"Cannot delete 'settlement' record, it has 73 dependent document(s)","code":"DEPENDENCY_FOUND"}
2026-01-20 11:21:54,470 - INFO - 
[2/66] Processing settlement 703...
2026-01-20 11:21:54,470 - INFO - 
============================================================
2026-01-20 11:21:54,470 - INFO - Processing settlement ID: 703
2026-01-20 11:21:54,470 - INFO - ============================================================
2026-01-20 11:21:54,594 - ERROR - Delete failed for 703 (status 500): {"message":"Cannot delete 'settlement' record, it has 1 dependent project_location(s)","code":"DEPENDENCY_FOUND"}
2026-01-20 11:21:54,594 - INFO - 
[3/66] Processing settlement 670...
2026-01-20 11:21:54,595 - INFO - 
============================================================
2026-01-20 11:21:54,595 - INFO - Processing settlement ID: 670
2026-01-20 11:21:54,595 - INFO - ============================================================
2026-01-20 11:21:54,721 - ERROR - Delete failed for 670 (status 404): {"message":"Record with id '670' does not exist in 'settlement' model","code":"RECORD_NOT_FOUND"}
2026-01-20 11:21:54,724 - INFO - 
[4/66] Processing settlement 568...
2026-01-20 11:21:54,724 - INFO - 
============================================================
2026-01-20 11:21:54,724 - INFO - Processing settlement ID: 568
2026-01-20 11:21:54,724 - INFO - ============================================================
2026-01-20 11:21:54,851 - ERROR - Delete failed for 568 (status 500): {"message":"Cannot delete 'settlement' record, it has 614 dependent document(s)","code":"DEPENDENCY_FOUND"}
2026-01-20 11:21:54,852 - INFO - 
[5/66] Processing settlement 482...
2026-01-20 11:21:54,852 - INFO - 
============================================================
2026-01-20 11:21:54,852 - INFO - Processing settlement ID: 482
2026-01-20 11:21:54,852 - INFO - ============================================================
2026-01-20 11:21:55,003 - WARNING - 

Process interrupted by user
