2026-01-20 11:23:03,737 - INFO - API Configuration:
2026-01-20 11:23:03,737 - INFO -   Host: http://localhost
2026-01-20 11:23:03,737 - INFO -   Username: ***REDACTED***
2026-01-20 11:23:03,737 - INFO -   Password: ***SET***
2026-01-20 11:23:03,818 - INFO - Authenticated successfully
2026-01-20 11:23:03,819 - INFO - Reading settlement IDs from column: id
2026-01-20 11:23:03,819 - INFO - Read 66 unique settlement IDs from CSV
2026-01-20 11:23:03,819 - INFO - 
Starting deletion of 66 settlements...
2026-01-20 11:23:03,819 - INFO - ============================================================
2026-01-20 11:23:03,820 - INFO - 
[1/66] Processing settlement 719...
2026-01-20 11:23:03,820 - INFO - 
============================================================
2026-01-20 11:23:03,820 - INFO - Processing settlement ID: 719
2026-01-20 11:23:03,820 - INFO - ============================================================
2026-01-20 11:23:04,086 - ERROR - Delete failed for 719 (status 500): {"message":"Cannot delete 'settlement' record, it has 73 dependent document(s)","code":"DEPENDENCY_FOUND"}
2026-01-20 11:23:04,086 - INFO - 
[2/66] Processing settlement 703...
2026-01-20 11:23:04,086 - INFO - 
============================================================
2026-01-20 11:23:04,086 - INFO - Processing settlement ID: 703
2026-01-20 11:23:04,086 - INFO - ============================================================
2026-01-20 11:23:04,248 - ERROR - Delete failed for 703 (status 500): {"message":"Cannot delete 'settlement' record, it has 1 dependent project_location(s)","code":"DEPENDENCY_FOUND"}
2026-01-20 11:23:04,248 - INFO - 
[3/66] Processing settlement 670...
2026-01-20 11:23:04,248 - INFO - 
============================================================
2026-01-20 11:23:04,248 - INFO - Processing settlement ID: 670
2026-01-20 11:23:04,248 - INFO - ============================================================
2026-01-20 11:23:04,392 - ERROR - Delete failed for 670 (status 404): {"message":"Record with id '670' does not exist in 'settlement' model","code":"RECORD_NOT_FOUND"}
2026-01-20 11:23:04,393 - INFO - 
[4/66] Processing settlement 568...
2026-01-20 11:23:04,393 - INFO - 
============================================================
2026-01-20 11:23:04,393 - INFO - Processing settlement ID: 568
2026-01-20 11:23:04,393 - INFO - ============================================================
2026-01-20 11:23:04,587 - WARNING - 

Process interrupted by user
