2026-01-20 11:24:06,360 - INFO - API Configuration:
2026-01-20 11:24:06,361 - INFO -   Host: https://kesmis.go.ke
2026-01-20 11:24:06,361 - INFO -   Username: ***REDACTED***
2026-01-20 11:24:06,361 - INFO -   Password: ***SET***
2026-01-20 11:24:07,964 - INFO - Authenticated successfully
2026-01-20 11:24:07,965 - INFO - Reading settlement IDs from column: id
2026-01-20 11:24:07,966 - INFO - Read 66 unique settlement IDs from CSV
2026-01-20 11:24:07,966 - INFO - 
Starting deletion of 66 settlements...
2026-01-20 11:24:07,966 - INFO - ============================================================
2026-01-20 11:24:07,966 - INFO - 
[1/66] Processing settlement 719...
2026-01-20 11:24:07,966 - INFO - 
============================================================
2026-01-20 11:24:07,966 - INFO - Processing settlement ID: 719
2026-01-20 11:24:07,966 - INFO - ============================================================
2026-01-20 11:24:27,674 - ERROR - Delete failed for 719 (status 500): {"message":"Cannot delete 'settlement' record, it has 73 dependent document(s)","code":"DEPENDENCY_FOUND"}
2026-01-20 11:24:27,676 - INFO - 
[2/66] Processing settlement 703...
2026-01-20 11:24:27,676 - INFO - 
============================================================
2026-01-20 11:24:27,677 - INFO - Processing settlement ID: 703
2026-01-20 11:24:27,677 - INFO - ============================================================
2026-01-20 11:24:29,265 - ERROR - Delete failed for 703 (status 500): {"message":"Cannot delete 'settlement' record, it has 1 dependent project_location(s)","code":"DEPENDENCY_FOUND"}
2026-01-20 11:24:29,265 - INFO - 
[3/66] Processing settlement 670...
2026-01-20 11:24:29,266 - INFO - 
============================================================
2026-01-20 11:24:29,266 - INFO - Processing settlement ID: 670
2026-01-20 11:24:29,267 - INFO - ============================================================
2026-01-20 11:24:32,041 - INFO - Deleted settlement 670
2026-01-20 11:24:32,042 - INFO - 
[4/66] Processing settlement 568...
2026-01-20 11:24:32,042 - INFO - 
============================================================
2026-01-20 11:24:32,042 - INFO - Processing settlement ID: 568
2026-01-20 11:24:32,042 - INFO - ============================================================
2026-01-20 11:24:32,994 - ERROR - Delete failed for 568 (status 500): {"message":"Cannot delete 'settlement' record, it has 614 dependent document(s)","code":"DEPENDENCY_FOUND"}
2026-01-20 11:24:32,995 - INFO - 
[5/66] Processing settlement 482...
2026-01-20 11:24:32,995 - INFO - 
============================================================
2026-01-20 11:24:32,995 - INFO - Processing settlement ID: 482
2026-01-20 11:24:32,996 - INFO - ============================================================
2026-01-20 11:24:36,832 - INFO - Deleted settlement 482
2026-01-20 11:24:36,833 - INFO - 
[6/66] Processing settlement 477...
2026-01-20 11:24:36,833 - INFO - 
============================================================
2026-01-20 11:24:36,833 - INFO - Processing settlement ID: 477
2026-01-20 11:24:36,834 - INFO - ============================================================
2026-01-20 11:24:38,285 - INFO - Deleted settlement 477
2026-01-20 11:24:38,286 - INFO - 
[7/66] Processing settlement 475...
2026-01-20 11:24:38,287 - INFO - 
============================================================
2026-01-20 11:24:38,287 - INFO - Processing settlement ID: 475
2026-01-20 11:24:38,288 - INFO - ============================================================
2026-01-20 11:24:38,779 - ERROR - Delete failed for 475 (status 500): {"message":"Cannot delete 'settlement' record, it has 2 dependent households(s)","code":"DEPENDENCY_FOUND"}
2026-01-20 11:24:38,780 - INFO - 
[8/66] Processing settlement 474...
2026-01-20 11:24:38,781 - INFO - 
============================================================
2026-01-20 11:24:38,781 - INFO - Processing settlement ID: 474
2026-01-20 11:24:38,782 - INFO - ============================================================
2026-01-20 11:24:39,061 - ERROR - Delete failed for 474 (status 500): {"message":"Cannot delete 'settlement' record, it has 32 dependent households(s)","code":"DEPENDENCY_FOUND"}
2026-01-20 11:24:39,061 - INFO - 
[9/66] Processing settlement 473...
2026-01-20 11:24:39,062 - INFO - 
============================================================
2026-01-20 11:24:39,062 - INFO - Processing settlement ID: 473
2026-01-20 11:24:39,062 - INFO - ============================================================
2026-01-20 11:24:39,428 - ERROR - Delete failed for 473 (status 500): {"message":"Cannot delete 'settlement' record, it has 5 dependent households(s)","code":"DEPENDENCY_FOUND"}
2026-01-20 11:24:39,428 - INFO - 
[10/66] Processing settlement 472...
2026-01-20 11:24:39,429 - INFO - 
============================================================
2026-01-20 11:24:39,430 - INFO - Processing settlement ID: 472
2026-01-20 11:24:39,430 - INFO - ============================================================
2026-01-20 11:24:39,713 - ERROR - Delete failed for 472 (status 500): {"message":"Cannot delete 'settlement' record, it has 28 dependent document(s)","code":"DEPENDENCY_FOUND"}
2026-01-20 11:24:39,713 - INFO - 
[11/66] Processing settlement 471...
2026-01-20 11:24:39,714 - INFO - 
============================================================
2026-01-20 11:24:39,715 - INFO - Processing settlement ID: 471
2026-01-20 11:24:39,715 - INFO - ============================================================
2026-01-20 11:24:40,030 - ERROR - Delete failed for 471 (status 500): {"message":"Cannot delete 'settlement' record, it has 29 dependent households(s)","code":"DEPENDENCY_FOUND"}
2026-01-20 11:24:40,030 - INFO - 
[12/66] Processing settlement 468...
2026-01-20 11:24:40,031 - INFO - 
============================================================
2026-01-20 11:24:40,031 - INFO - Processing settlement ID: 468
2026-01-20 11:24:40,031 - INFO - ============================================================
2026-01-20 11:24:40,306 - ERROR - Delete failed for 468 (status 500): {"message":"Cannot delete 'settlement' record, it has 87 dependent document(s)","code":"DEPENDENCY_FOUND"}
2026-01-20 11:24:40,307 - INFO - 
[13/66] Processing settlement 467...
2026-01-20 11:24:40,307 - INFO - 
============================================================
2026-01-20 11:24:40,307 - INFO - Processing settlement ID: 467
2026-01-20 11:24:40,307 - INFO - ============================================================
2026-01-20 11:24:40,842 - INFO - Deleted settlement 467
2026-01-20 11:24:40,843 - INFO - 
[14/66] Processing settlement 466...
2026-01-20 11:24:40,844 - INFO - 
============================================================
2026-01-20 11:24:40,844 - INFO - Processing settlement ID: 466
2026-01-20 11:24:40,845 - INFO - ============================================================
2026-01-20 11:24:41,236 - ERROR - Delete failed for 466 (status 500): {"message":"Cannot delete 'settlement' record, it has 36 dependent households(s)","code":"DEPENDENCY_FOUND"}
2026-01-20 11:24:41,237 - INFO - 
[15/66] Processing settlement 464...
2026-01-20 11:24:41,237 - INFO - 
============================================================
2026-01-20 11:24:41,238 - INFO - Processing settlement ID: 464
2026-01-20 11:24:41,238 - INFO - ============================================================
2026-01-20 11:24:41,624 - ERROR - Delete failed for 464 (status 500): {"message":"Cannot delete 'settlement' record, it has 48 dependent households(s)","code":"DEPENDENCY_FOUND"}
2026-01-20 11:24:41,624 - INFO - 
[16/66] Processing settlement 460...
2026-01-20 11:24:41,625 - INFO - 
============================================================
2026-01-20 11:24:41,626 - INFO - Processing settlement ID: 460
2026-01-20 11:24:41,626 - INFO - ============================================================
2026-01-20 11:24:42,221 - ERROR - Delete failed for 460 (status 500): {"message":"Cannot delete 'settlement' record, it has 1 dependent document(s)","code":"DEPENDENCY_FOUND"}
2026-01-20 11:24:42,221 - INFO - 
[17/66] Processing settlement 458...
2026-01-20 11:24:42,222 - INFO - 
============================================================
2026-01-20 11:24:42,222 - INFO - Processing settlement ID: 458
2026-01-20 11:24:42,223 - INFO - ============================================================
2026-01-20 11:24:43,964 - INFO - Deleted settlement 458
2026-01-20 11:24:43,964 - INFO - 
[18/66] Processing settlement 456...
2026-01-20 11:24:43,965 - INFO - 
============================================================
2026-01-20 11:24:43,965 - INFO - Processing settlement ID: 456
2026-01-20 11:24:43,966 - INFO - ============================================================
2026-01-20 11:24:45,515 - INFO - Deleted settlement 456
2026-01-20 11:24:45,515 - INFO - 
[19/66] Processing settlement 455...
2026-01-20 11:24:45,516 - INFO - 
============================================================
2026-01-20 11:24:45,517 - INFO - Processing settlement ID: 455
2026-01-20 11:24:45,517 - INFO - ============================================================
2026-01-20 11:24:45,847 - ERROR - Delete failed for 455 (status 500): {"message":"Cannot delete 'settlement' record, it has 72 dependent document(s)","code":"DEPENDENCY_FOUND"}
2026-01-20 11:24:45,848 - INFO - 
[20/66] Processing settlement 450...
2026-01-20 11:24:45,848 - INFO - 
============================================================
2026-01-20 11:24:45,849 - INFO - Processing settlement ID: 450
2026-01-20 11:24:45,850 - INFO - ============================================================
2026-01-20 11:24:46,846 - INFO - Deleted settlement 450
2026-01-20 11:24:46,847 - INFO - 
[21/66] Processing settlement 449...
2026-01-20 11:24:46,847 - INFO - 
============================================================
2026-01-20 11:24:46,848 - INFO - Processing settlement ID: 449
2026-01-20 11:24:46,848 - INFO - ============================================================
2026-01-20 11:24:47,133 - ERROR - Delete failed for 449 (status 500): {"message":"Cannot delete 'settlement' record, it has 1 dependent households(s)","code":"DEPENDENCY_FOUND"}
2026-01-20 11:24:47,134 - INFO - 
[22/66] Processing settlement 448...
2026-01-20 11:24:47,135 - INFO - 
============================================================
2026-01-20 11:24:47,135 - INFO - Processing settlement ID: 448
2026-01-20 11:24:47,135 - INFO - ============================================================
2026-01-20 11:24:47,401 - ERROR - Delete failed for 448 (status 500): {"message":"Cannot delete 'settlement' record, it has 23 dependent document(s)","code":"DEPENDENCY_FOUND"}
2026-01-20 11:24:47,401 - INFO - 
[23/66] Processing settlement 447...
2026-01-20 11:24:47,402 - INFO - 
============================================================
2026-01-20 11:24:47,403 - INFO - Processing settlement ID: 447
2026-01-20 11:24:47,403 - INFO - ============================================================
2026-01-20 11:24:48,199 - ERROR - Delete failed for 447 (status 500): {"message":"Cannot delete 'settlement' record, it has 31 dependent households(s)","code":"DEPENDENCY_FOUND"}
2026-01-20 11:24:48,200 - INFO - 
[24/66] Processing settlement 446...
2026-01-20 11:24:48,200 - INFO - 
============================================================
2026-01-20 11:24:48,201 - INFO - Processing settlement ID: 446
2026-01-20 11:24:48,201 - INFO - ============================================================
2026-01-20 11:24:49,672 - INFO - Deleted settlement 446
2026-01-20 11:24:49,673 - INFO - 
[25/66] Processing settlement 435...
2026-01-20 11:24:49,673 - INFO - 
============================================================
2026-01-20 11:24:49,674 - INFO - Processing settlement ID: 435
2026-01-20 11:24:49,674 - INFO - ============================================================
2026-01-20 11:24:49,981 - ERROR - Delete failed for 435 (status 500): {"message":"Cannot delete 'settlement' record, it has 48 dependent households(s)","code":"DEPENDENCY_FOUND"}
2026-01-20 11:24:49,983 - INFO - 
[26/66] Processing settlement 431...
2026-01-20 11:24:49,983 - INFO - 
============================================================
2026-01-20 11:24:49,983 - INFO - Processing settlement ID: 431
2026-01-20 11:24:49,984 - INFO - ============================================================
2026-01-20 11:24:50,333 - ERROR - Delete failed for 431 (status 500): {"message":"Cannot delete 'settlement' record, it has 99 dependent households(s)","code":"DEPENDENCY_FOUND"}
2026-01-20 11:24:50,334 - INFO - 
[27/66] Processing settlement 429...
2026-01-20 11:24:50,334 - INFO - 
============================================================
2026-01-20 11:24:50,335 - INFO - Processing settlement ID: 429
2026-01-20 11:24:50,335 - INFO - ============================================================
2026-01-20 11:24:52,889 - INFO - Deleted settlement 429
2026-01-20 11:24:52,889 - INFO - 
[28/66] Processing settlement 427...
2026-01-20 11:24:52,889 - INFO - 
============================================================
2026-01-20 11:24:52,889 - INFO - Processing settlement ID: 427
2026-01-20 11:24:52,889 - INFO - ============================================================
2026-01-20 11:24:54,146 - ERROR - Delete failed for 427 (status 500): {"message":"Cannot delete 'settlement' record, it has 14 dependent households(s)","code":"DEPENDENCY_FOUND"}
2026-01-20 11:24:54,146 - INFO - 
[29/66] Processing settlement 425...
2026-01-20 11:24:54,146 - INFO - 
============================================================
2026-01-20 11:24:54,147 - INFO - Processing settlement ID: 425
2026-01-20 11:24:54,147 - INFO - ============================================================
2026-01-20 11:24:54,766 - INFO - Deleted settlement 425
2026-01-20 11:24:54,767 - INFO - 
[30/66] Processing settlement 424...
2026-01-20 11:24:54,767 - INFO - 
============================================================
2026-01-20 11:24:54,768 - INFO - Processing settlement ID: 424
2026-01-20 11:24:54,769 - INFO - ============================================================
2026-01-20 11:24:55,319 - ERROR - Delete failed for 424 (status 500): {"message":"Cannot delete 'settlement' record, it has 14 dependent households(s)","code":"DEPENDENCY_FOUND"}
2026-01-20 11:24:55,320 - INFO - 
[31/66] Processing settlement 422...
2026-01-20 11:24:55,322 - INFO - 
============================================================
2026-01-20 11:24:55,324 - INFO - Processing settlement ID: 422
2026-01-20 11:24:55,325 - INFO - ============================================================
2026-01-20 11:24:55,585 - ERROR - Delete failed for 422 (status 500): {"message":"Cannot delete 'settlement' record, it has 2 dependent education_facility(s)","code":"DEPENDENCY_FOUND"}
2026-01-20 11:24:55,585 - INFO - 
[32/66] Processing settlement 421...
2026-01-20 11:24:55,585 - INFO - 
============================================================
2026-01-20 11:24:55,586 - INFO - Processing settlement ID: 421
2026-01-20 11:24:55,586 - INFO - ============================================================
2026-01-20 11:24:55,864 - ERROR - Delete failed for 421 (status 500): {"message":"Cannot delete 'settlement' record, it has 21 dependent document(s)","code":"DEPENDENCY_FOUND"}
2026-01-20 11:24:55,864 - INFO - 
[33/66] Processing settlement 420...
2026-01-20 11:24:55,865 - INFO - 
============================================================
2026-01-20 11:24:55,866 - INFO - Processing settlement ID: 420
2026-01-20 11:24:55,867 - INFO - ============================================================
2026-01-20 11:24:56,414 - ERROR - Delete failed for 420 (status 500): {"message":"Cannot delete 'settlement' record, it has 5 dependent document(s)","code":"DEPENDENCY_FOUND"}
2026-01-20 11:24:56,415 - INFO - 
[34/66] Processing settlement 417...
2026-01-20 11:24:56,416 - INFO - 
============================================================
2026-01-20 11:24:56,416 - INFO - Processing settlement ID: 417
2026-01-20 11:24:56,417 - INFO - ============================================================
2026-01-20 11:24:56,996 - INFO - Deleted settlement 417
2026-01-20 11:24:56,997 - INFO - 
[35/66] Processing settlement 415...
2026-01-20 11:24:56,997 - INFO - 
============================================================
2026-01-20 11:24:56,998 - INFO - Processing settlement ID: 415
2026-01-20 11:24:56,998 - INFO - ============================================================
2026-01-20 11:24:57,284 - ERROR - Delete failed for 415 (status 500): {"message":"Cannot delete 'settlement' record, it has 61 dependent households(s)","code":"DEPENDENCY_FOUND"}
2026-01-20 11:24:57,285 - INFO - 
[36/66] Processing settlement 414...
2026-01-20 11:24:57,285 - INFO - 
============================================================
2026-01-20 11:24:57,285 - INFO - Processing settlement ID: 414
2026-01-20 11:24:57,285 - INFO - ============================================================
2026-01-20 11:24:57,611 - ERROR - Delete failed for 414 (status 500): {"message":"Cannot delete 'settlement' record, it has 17 dependent households(s)","code":"DEPENDENCY_FOUND"}
2026-01-20 11:24:57,611 - INFO - 
[37/66] Processing settlement 413...
2026-01-20 11:24:57,611 - INFO - 
============================================================
2026-01-20 11:24:57,611 - INFO - Processing settlement ID: 413
2026-01-20 11:24:57,611 - INFO - ============================================================
2026-01-20 11:24:57,904 - ERROR - Delete failed for 413 (status 500): {"message":"Cannot delete 'settlement' record, it has 22 dependent document(s)","code":"DEPENDENCY_FOUND"}
2026-01-20 11:24:57,904 - INFO - 
[38/66] Processing settlement 407...
2026-01-20 11:24:57,904 - INFO - 
============================================================
2026-01-20 11:24:57,904 - INFO - Processing settlement ID: 407
2026-01-20 11:24:57,904 - INFO - ============================================================
2026-01-20 11:24:58,223 - ERROR - Delete failed for 407 (status 500): {"message":"Cannot delete 'settlement' record, it has 117 dependent households(s)","code":"DEPENDENCY_FOUND"}
2026-01-20 11:24:58,223 - INFO - 
[39/66] Processing settlement 406...
2026-01-20 11:24:58,223 - INFO - 
============================================================
2026-01-20 11:24:58,224 - INFO - Processing settlement ID: 406
2026-01-20 11:24:58,224 - INFO - ============================================================
2026-01-20 11:24:58,580 - ERROR - Delete failed for 406 (status 500): {"message":"Cannot delete 'settlement' record, it has 61 dependent document(s)","code":"DEPENDENCY_FOUND"}
2026-01-20 11:24:58,580 - INFO - 
[40/66] Processing settlement 405...
2026-01-20 11:24:58,580 - INFO - 
============================================================
2026-01-20 11:24:58,581 - INFO - Processing settlement ID: 405
2026-01-20 11:24:58,581 - INFO - ============================================================
2026-01-20 11:24:58,916 - ERROR - Delete failed for 405 (status 500): {"message":"Cannot delete 'settlement' record, it has 3 dependent households(s)","code":"DEPENDENCY_FOUND"}
2026-01-20 11:24:58,916 - INFO - 
[41/66] Processing settlement 403...
2026-01-20 11:24:58,917 - INFO - 
============================================================
2026-01-20 11:24:58,918 - INFO - Processing settlement ID: 403
2026-01-20 11:24:58,919 - INFO - ============================================================
2026-01-20 11:24:59,738 - ERROR - Delete failed for 403 (status 500): {"message":"Cannot delete 'settlement' record, it has 1 dependent project_location(s)","code":"DEPENDENCY_FOUND"}
2026-01-20 11:24:59,739 - INFO - 
[42/66] Processing settlement 402...
2026-01-20 11:24:59,739 - INFO - 
============================================================
2026-01-20 11:24:59,739 - INFO - Processing settlement ID: 402
2026-01-20 11:24:59,739 - INFO - ============================================================
2026-01-20 11:25:00,359 - ERROR - Delete failed for 402 (status 500): {"message":"Cannot delete 'settlement' record, it has 169 dependent document(s)","code":"DEPENDENCY_FOUND"}
2026-01-20 11:25:00,361 - INFO - 
[43/66] Processing settlement 401...
2026-01-20 11:25:00,362 - INFO - 
============================================================
2026-01-20 11:25:00,362 - INFO - Processing settlement ID: 401
2026-01-20 11:25:00,362 - INFO - ============================================================
2026-01-20 11:25:00,725 - ERROR - Delete failed for 401 (status 500): {"message":"Cannot delete 'settlement' record, it has 47 dependent document(s)","code":"DEPENDENCY_FOUND"}
2026-01-20 11:25:00,726 - INFO - 
[44/66] Processing settlement 400...
2026-01-20 11:25:00,726 - INFO - 
============================================================
2026-01-20 11:25:00,727 - INFO - Processing settlement ID: 400
2026-01-20 11:25:00,727 - INFO - ============================================================
2026-01-20 11:25:01,061 - ERROR - Delete failed for 400 (status 500): {"message":"Cannot delete 'settlement' record, it has 51 dependent document(s)","code":"DEPENDENCY_FOUND"}
2026-01-20 11:25:01,061 - INFO - 
[45/66] Processing settlement 395...
2026-01-20 11:25:01,062 - INFO - 
============================================================
2026-01-20 11:25:01,062 - INFO - Processing settlement ID: 395
2026-01-20 11:25:01,062 - INFO - ============================================================
2026-01-20 11:25:01,523 - ERROR - Delete failed for 395 (status 500): {"message":"Cannot delete 'settlement' record, it has 131 dependent document(s)","code":"DEPENDENCY_FOUND"}
2026-01-20 11:25:01,523 - INFO - 
[46/66] Processing settlement 394...
2026-01-20 11:25:01,523 - INFO - 
============================================================
2026-01-20 11:25:01,524 - INFO - Processing settlement ID: 394
2026-01-20 11:25:01,524 - INFO - ============================================================
2026-01-20 11:25:01,924 - ERROR - Delete failed for 394 (status 500): {"message":"Cannot delete 'settlement' record, it has 142 dependent households(s)","code":"DEPENDENCY_FOUND"}
2026-01-20 11:25:01,925 - INFO - 
[47/66] Processing settlement 393...
2026-01-20 11:25:01,925 - INFO - 
============================================================
2026-01-20 11:25:01,925 - INFO - Processing settlement ID: 393
2026-01-20 11:25:01,925 - INFO - ============================================================
2026-01-20 11:25:05,925 - INFO - Deleted settlement 393
2026-01-20 11:25:05,925 - INFO - 
[48/66] Processing settlement 392...
2026-01-20 11:25:05,926 - INFO - 
============================================================
2026-01-20 11:25:05,926 - INFO - Processing settlement ID: 392
2026-01-20 11:25:05,926 - INFO - ============================================================
2026-01-20 11:25:09,202 - ERROR - Delete failed for 392 (status 500): {"message":"Cannot delete 'settlement' record, it has 8 dependent document(s)","code":"DEPENDENCY_FOUND"}
2026-01-20 11:25:09,202 - INFO - 
[49/66] Processing settlement 391...
2026-01-20 11:25:09,202 - INFO - 
============================================================
2026-01-20 11:25:09,203 - INFO - Processing settlement ID: 391
2026-01-20 11:25:09,204 - INFO - ============================================================
2026-01-20 11:25:09,526 - ERROR - Delete failed for 391 (status 500): {"message":"Cannot delete 'settlement' record, it has 3 dependent document(s)","code":"DEPENDENCY_FOUND"}
2026-01-20 11:25:09,527 - INFO - 
[50/66] Processing settlement 385...
2026-01-20 11:25:09,527 - INFO - 
============================================================
2026-01-20 11:25:09,527 - INFO - Processing settlement ID: 385
2026-01-20 11:25:09,528 - INFO - ============================================================
2026-01-20 11:25:09,814 - ERROR - Delete failed for 385 (status 500): {"message":"Cannot delete 'settlement' record, it has 4 dependent households(s)","code":"DEPENDENCY_FOUND"}
2026-01-20 11:25:09,818 - INFO - 
[51/66] Processing settlement 384...
2026-01-20 11:25:09,821 - INFO - 
============================================================
2026-01-20 11:25:09,826 - INFO - Processing settlement ID: 384
2026-01-20 11:25:09,826 - INFO - ============================================================
2026-01-20 11:25:10,413 - INFO - Deleted settlement 384
2026-01-20 11:25:10,413 - INFO - 
[52/66] Processing settlement 381...
2026-01-20 11:25:10,414 - INFO - 
============================================================
2026-01-20 11:25:10,415 - INFO - Processing settlement ID: 381
2026-01-20 11:25:10,415 - INFO - ============================================================
2026-01-20 11:25:10,696 - ERROR - Delete failed for 381 (status 500): {"message":"Cannot delete 'settlement' record, it has 3 dependent households(s)","code":"DEPENDENCY_FOUND"}
2026-01-20 11:25:10,697 - INFO - 
[53/66] Processing settlement 380...
2026-01-20 11:25:10,697 - INFO - 
============================================================
2026-01-20 11:25:10,697 - INFO - Processing settlement ID: 380
2026-01-20 11:25:10,697 - INFO - ============================================================
2026-01-20 11:25:10,987 - ERROR - Delete failed for 380 (status 500): {"message":"Cannot delete 'settlement' record, it has 1 dependent document(s)","code":"DEPENDENCY_FOUND"}
2026-01-20 11:25:10,988 - INFO - 
[54/66] Processing settlement 370...
2026-01-20 11:25:10,988 - INFO - 
============================================================
2026-01-20 11:25:10,988 - INFO - Processing settlement ID: 370
2026-01-20 11:25:10,989 - INFO - ============================================================
2026-01-20 11:25:11,676 - INFO - Deleted settlement 370
2026-01-20 11:25:11,676 - INFO - 
[55/66] Processing settlement 362...
2026-01-20 11:25:11,677 - INFO - 
============================================================
2026-01-20 11:25:11,677 - INFO - Processing settlement ID: 362
2026-01-20 11:25:11,678 - INFO - ============================================================
2026-01-20 11:25:11,947 - ERROR - Delete failed for 362 (status 500): {"message":"Cannot delete 'settlement' record, it has 68 dependent households(s)","code":"DEPENDENCY_FOUND"}
2026-01-20 11:25:11,948 - INFO - 
[56/66] Processing settlement 359...
2026-01-20 11:25:11,949 - INFO - 
============================================================
2026-01-20 11:25:11,949 - INFO - Processing settlement ID: 359
2026-01-20 11:25:11,950 - INFO - ============================================================
2026-01-20 11:25:12,576 - INFO - Deleted settlement 359
2026-01-20 11:25:12,577 - INFO - 
[57/66] Processing settlement 356...
2026-01-20 11:25:12,577 - INFO - 
============================================================
2026-01-20 11:25:12,578 - INFO - Processing settlement ID: 356
2026-01-20 11:25:12,578 - INFO - ============================================================
2026-01-20 11:25:12,945 - ERROR - Delete failed for 356 (status 500): {"message":"Cannot delete 'settlement' record, it has 637 dependent households(s)","code":"DEPENDENCY_FOUND"}
2026-01-20 11:25:12,946 - INFO - 
[58/66] Processing settlement 353...
2026-01-20 11:25:12,946 - INFO - 
============================================================
2026-01-20 11:25:12,946 - INFO - Processing settlement ID: 353
2026-01-20 11:25:12,947 - INFO - ============================================================
2026-01-20 11:25:13,246 - ERROR - Delete failed for 353 (status 500): {"message":"Cannot delete 'settlement' record, it has 60 dependent households(s)","code":"DEPENDENCY_FOUND"}
2026-01-20 11:25:13,246 - INFO - 
[59/66] Processing settlement 350...
2026-01-20 11:25:13,247 - INFO - 
============================================================
2026-01-20 11:25:13,247 - INFO - Processing settlement ID: 350
2026-01-20 11:25:13,248 - INFO - ============================================================
2026-01-20 11:25:14,385 - INFO - Deleted settlement 350
2026-01-20 11:25:14,386 - INFO - 
[60/66] Processing settlement 347...
2026-01-20 11:25:14,387 - INFO - 
============================================================
2026-01-20 11:25:14,388 - INFO - Processing settlement ID: 347
2026-01-20 11:25:14,389 - INFO - ============================================================
2026-01-20 11:25:14,822 - ERROR - Delete failed for 347 (status 500): {"message":"Cannot delete 'settlement' record, it has 1 dependent project_location(s)","code":"DEPENDENCY_FOUND"}
2026-01-20 11:25:14,823 - INFO - 
[61/66] Processing settlement 344...
2026-01-20 11:25:14,824 - INFO - 
============================================================
2026-01-20 11:25:14,824 - INFO - Processing settlement ID: 344
2026-01-20 11:25:14,825 - INFO - ============================================================
2026-01-20 11:25:15,159 - ERROR - Delete failed for 344 (status 500): {"message":"Cannot delete 'settlement' record, it has 49 dependent households(s)","code":"DEPENDENCY_FOUND"}
2026-01-20 11:25:15,160 - INFO - 
[62/66] Processing settlement 341...
2026-01-20 11:25:15,160 - INFO - 
============================================================
2026-01-20 11:25:15,161 - INFO - Processing settlement ID: 341
2026-01-20 11:25:15,161 - INFO - ============================================================
2026-01-20 11:25:15,456 - ERROR - Delete failed for 341 (status 500): {"message":"Cannot delete 'settlement' record, it has 13 dependent document(s)","code":"DEPENDENCY_FOUND"}
2026-01-20 11:25:15,460 - INFO - 
[63/66] Processing settlement 297...
2026-01-20 11:25:15,461 - INFO - 
============================================================
2026-01-20 11:25:15,462 - INFO - Processing settlement ID: 297
2026-01-20 11:25:15,462 - INFO - ============================================================
2026-01-20 11:25:15,855 - ERROR - Delete failed for 297 (status 500): {"message":"Cannot delete 'settlement' record, it has 36 dependent document(s)","code":"DEPENDENCY_FOUND"}
2026-01-20 11:25:15,855 - INFO - 
[64/66] Processing settlement 200...
2026-01-20 11:25:15,855 - INFO - 
============================================================
2026-01-20 11:25:15,856 - INFO - Processing settlement ID: 200
2026-01-20 11:25:15,856 - INFO - ============================================================
2026-01-20 11:25:16,305 - ERROR - Delete failed for 200 (status 500): {"message":"Cannot delete 'settlement' record, it has 121 dependent document(s)","code":"DEPENDENCY_FOUND"}
2026-01-20 11:25:16,305 - INFO - 
[65/66] Processing settlement 198...
2026-01-20 11:25:16,306 - INFO - 
============================================================
2026-01-20 11:25:16,307 - INFO - Processing settlement ID: 198
2026-01-20 11:25:16,307 - INFO - ============================================================
2026-01-20 11:25:16,872 - ERROR - Delete failed for 198 (status 500): {"message":"Cannot delete 'settlement' record, it has 20 dependent document(s)","code":"DEPENDENCY_FOUND"}
2026-01-20 11:25:16,873 - INFO - 
[66/66] Processing settlement 0...
2026-01-20 11:25:16,873 - WARNING - Skipping invalid settlement id: 0
2026-01-20 11:25:16,876 - INFO - Results written to settlement_deletion_results_20260120_112516.csv
2026-01-20 11:25:16,877 - INFO - 
============================================================
2026-01-20 11:25:16,877 - INFO - DELETION SUMMARY
2026-01-20 11:25:16,877 - INFO - ============================================================
2026-01-20 11:25:16,878 - INFO - Total processed: 66
2026-01-20 11:25:16,880 - INFO - Successful: 16
2026-01-20 11:25:16,880 - INFO - Failed: 50
2026-01-20 11:25:16,881 - INFO - ============================================================
